### TEST BUTTON SEQUENCE

d pad down
d pad right
d pad up
d pad left
left shoulder
left trigger
right shoulder
right trigger
select
start
ps button
square (west)
triangle (north)
circle (east)
X button (south)
left joystick down
left joystick right
left joystick up
left joystick left
right joystick down
right joystick right
right joystick up
right joystick left


### CONFIG LOG FOR SEQUENCE COMPARE

2025-03-29 20:57:54,380 - CONTROLLER TEST - Device: PLAYSTATION(R)3 Controller (38:C0:96:9E:58:AD)
2025-03-29 20:57:54,381 - CONTROLLER TEST - Path: /dev/input/event4
2025-03-29 20:57:54,382 - CONTROLLER TEST - Type detected: PS3
2025-03-29 20:57:54,383 - INSTRUCTION: Press the D-pad Up button
2025-03-29 20:58:43,672 - TEST - BUTTON - L1 - Pressed - Code: 294
2025-03-29 20:58:43,857 - TEST - BUTTON - L1 - Released - Code: 294
2025-03-29 20:58:55,923 - TEST - BUTTON - R1 - Pressed - Code: 295
2025-03-29 20:58:56,031 - TEST - BUTTON - R1 - Released - Code: 295
2025-03-29 20:59:03,229 - TEST - BUTTON - PS Button - Pressed - Code: 292
2025-03-29 20:59:03,346 - TEST - BUTTON - PS Button - Released - Code: 292
2025-03-29 20:59:09,891 - TEST - BUTTON - Unknown (293) - Pressed - Code: 293
2025-03-29 20:59:10,131 - TEST - BUTTON - Unknown (293) - Released - Code: 293
2025-03-29 20:59:17,639 - TEST - BUTTON - L2 - Pressed - Code: 298
2025-03-29 20:59:17,807 - TEST - BUTTON - L2 - Released - Code: 298
2025-03-29 20:59:38,691 - TEST - BUTTON - L3 - Pressed - Code: 296
2025-03-29 20:59:39,005 - TEST - BUTTON - L3 - Released - Code: 296
2025-03-29 20:59:46,365 - TEST - BUTTON - R2 - Pressed - Code: 299
2025-03-29 20:59:46,605 - TEST - BUTTON - R2 - Released - Code: 299
2025-03-29 20:59:51,948 - TEST - BUTTON - R3 - Pressed - Code: 297
2025-03-29 20:59:52,002 - TEST - BUTTON - R3 - Released - Code: 297
2025-03-29 21:00:00,426 - TEST - BUTTON - Select - Pressed - Code: 288
2025-03-29 21:00:00,593 - TEST - BUTTON - Select - Released - Code: 288
2025-03-29 21:00:05,985 - TEST - BUTTON - Start - Pressed - Code: 291
2025-03-29 21:00:06,129 - TEST - BUTTON - Start - Released - Code: 291
2025-03-29 21:00:12,724 - TEST - BUTTON - Cross (✕) - Pressed - Code: 304
2025-03-29 21:00:12,895 - TEST - BUTTON - Cross (✕) - Released - Code: 304
2025-03-29 21:00:27,177 - TEST - BUTTON - D-Pad Left - Pressed - Code: 303
2025-03-29 21:00:27,282 - TEST - BUTTON - D-Pad Left - Released - Code: 303
2025-03-29 21:00:32,635 - TEST - BUTTON - D-Pad Up - Pressed - Code: 300
2025-03-29 21:00:32,746 - TEST - BUTTON - D-Pad Up - Released - Code: 300
2025-03-29 21:00:41,339 - TEST - BUTTON - D-Pad Right - Pressed - Code: 301
2025-03-29 21:00:41,442 - TEST - BUTTON - D-Pad Right - Released - Code: 301
2025-03-29 21:00:53,818 - TEST - BUTTON - D-Pad Down - Pressed - Code: 302
2025-03-29 21:00:53,924 - TEST - BUTTON - D-Pad Down - Released - Code: 302
2025-03-29 21:01:37,015 - TEST - AXIS - Left Stick Y - Value: 14
2025-03-29 21:01:37,064 - TEST - AXIS - Left Stick Y - Value: 58
2025-03-29 21:01:37,071 - TEST - AXIS - Left Stick Y - Value: 88
2025-03-29 21:01:37,084 - TEST - AXIS - Left Stick X - Value: 12
2025-03-29 21:01:37,085 - TEST - AXIS - Left Stick Y - Value: 127
2025-03-29 21:01:37,119 - TEST - AXIS - Left Stick X - Value: 0
2025-03-29 21:01:37,139 - TEST - AXIS - Left Stick X - Value: -16
2025-03-29 21:01:37,201 - TEST - AXIS - Left Stick X - Value: -27
2025-03-29 21:01:37,244 - TEST - AXIS - Left Stick X - Value: 0
2025-03-29 21:01:37,245 - TEST - AXIS - Left Stick Y - Value: 92
2025-03-29 21:01:37,253 - TEST - AXIS - Left Stick Y - Value: -61
2025-03-29 21:01:37,300 - TEST - AXIS - Left Stick Y - Value: 0
2025-03-29 21:02:38,677 - TEST - AXIS - Left Stick X - Value: 13
2025-03-29 21:02:38,688 - TEST - AXIS - Left Stick X - Value: 24
2025-03-29 21:02:38,697 - TEST - AXIS - Left Stick X - Value: 39
2025-03-29 21:02:38,698 - TEST - AXIS - Left Stick Y - Value: 14
2025-03-29 21:02:38,745 - TEST - AXIS - Left Stick X - Value: 127
2025-03-29 21:02:38,746 - TEST - AXIS - Left Stick Y - Value: 58
2025-03-29 21:02:38,755 - TEST - AXIS - Left Stick Y - Value: 48
2025-03-29 21:02:38,820 - TEST - AXIS - Left Stick Y - Value: 21
2025-03-29 21:02:38,869 - TEST - AXIS - Left Stick X - Value: 114
2025-03-29 21:02:38,870 - TEST - AXIS - Left Stick Y - Value: 19
2025-03-29 21:02:38,878 - TEST - AXIS - Left Stick X - Value: 97
2025-03-29 21:02:38,922 - TEST - AXIS - Left Stick X - Value: 0
2025-03-29 21:02:38,924 - TEST - AXIS - Left Stick Y - Value: 0
2025-03-29 21:02:39,762 - TEST - AXIS - Left Stick Y - Value: -10
2025-03-29 21:02:39,821 - TEST - AXIS - Left Stick Y - Value: -11
2025-03-29 21:02:39,834 - TEST - AXIS - Left Stick Y - Value: -10
2025-03-29 21:02:39,876 - TEST - AXIS - Left Stick Y - Value: -11
2025-03-29 21:02:39,879 - TEST - AXIS - Left Stick Y - Value: -10
2025-03-29 21:02:39,889 - TEST - AXIS - Left Stick Y - Value: -11
2025-03-29 21:02:39,939 - TEST - AXIS - Left Stick Y - Value: -15
2025-03-29 21:02:39,957 - TEST - AXIS - Left Stick Y - Value: -20
2025-03-29 21:02:40,004 - TEST - AXIS - Left Stick X - Value: -16
2025-03-29 21:02:40,005 - TEST - AXIS - Left Stick Y - Value: -106
2025-03-29 21:02:40,078 - TEST - AXIS - Left Stick X - Value: -56
2025-03-29 21:02:40,079 - TEST - AXIS - Left Stick Y - Value: -127
2025-03-29 21:02:40,120 - TEST - AXIS - Left Stick X - Value: -54
2025-03-29 21:02:40,183 - TEST - AXIS - Left Stick X - Value: -45
2025-03-29 21:02:40,201 - TEST - AXIS - Left Stick X - Value: -30
2025-03-29 21:02:40,201 - TEST - AXIS - Left Stick Y - Value: -103
2025-03-29 21:02:40,237 - TEST - AXIS - Left Stick X - Value: 0
2025-03-29 21:02:40,238 - TEST - AXIS - Left Stick Y - Value: 0
2025-03-29 21:02:40,857 - TEST - AXIS - Left Stick X - Value: -10
2025-03-29 21:02:40,900 - TEST - AXIS - Left Stick X - Value: -12
2025-03-29 21:02:40,962 - TEST - AXIS - Left Stick X - Value: -14
2025-03-29 21:02:40,971 - TEST - AXIS - Left Stick X - Value: -20
2025-03-29 21:02:40,982 - TEST - AXIS - Left Stick X - Value: -35
2025-03-29 21:02:41,019 - TEST - AXIS - Left Stick X - Value: -125
2025-03-29 21:02:41,040 - TEST - AXIS - Left Stick X - Value: -127
2025-03-29 21:02:41,142 - TEST - AXIS - Left Stick Y - Value: -12
2025-03-29 21:02:41,219 - TEST - AXIS - Left Stick X - Value: 0
2025-03-29 21:02:41,220 - TEST - AXIS - Left Stick Y - Value: 0
2025-03-29 21:03:12,940 - TEST - AXIS - Right Stick Y (PS3-RX) - Value: 55
2025-03-29 21:03:12,955 - TEST - AXIS - Right Stick Y (PS3-RX) - Value: 94
2025-03-29 21:03:13,021 - TEST - AXIS - Right Stick Y (PS3-RX) - Value: 127
2025-03-29 21:03:13,120 - TEST - AXIS - Right Stick Y (PS3-RX) - Value: 67
2025-03-29 21:03:13,133 - TEST - AXIS - Right Stick Y (PS3-RX) - Value: -39
2025-03-29 21:03:13,144 - TEST - AXIS - Right Stick Y (PS3-RX) - Value: -19
2025-03-29 21:03:13,180 - TEST - AXIS - Right Stick Y (PS3-RX) - Value: 0
2025-03-29 21:03:15,578 - TEST - AXIS - Right Stick X (PS3-Z) - Value: 58
2025-03-29 21:03:15,585 - TEST - AXIS - Right Stick X (PS3-Z) - Value: 112
2025-03-29 21:03:15,596 - TEST - AXIS - Right Stick X (PS3-Z) - Value: 127
2025-03-29 21:03:15,756 - TEST - AXIS - Right Stick X (PS3-Z) - Value: 0
2025-03-29 21:03:18,521 - TEST - AXIS - Right Stick Y (PS3-RX) - Value: -11
2025-03-29 21:03:18,699 - TEST - AXIS - Right Stick Y (PS3-RX) - Value: -18
2025-03-29 21:03:18,712 - TEST - AXIS - Right Stick Y (PS3-RX) - Value: -23
2025-03-29 21:03:18,757 - TEST - AXIS - Right Stick Y (PS3-RX) - Value: -126
2025-03-29 21:03:18,769 - TEST - AXIS - Right Stick Y (PS3-RX) - Value: -127
2025-03-29 21:03:18,891 - TEST - AXIS - Right Stick X (PS3-Z) - Value: 15
2025-03-29 21:03:18,891 - TEST - AXIS - Right Stick Y (PS3-RX) - Value: -122
2025-03-29 21:03:18,941 - TEST - AXIS - Right Stick X (PS3-Z) - Value: 0
2025-03-29 21:03:18,942 - TEST - AXIS - Right Stick Y (PS3-RX) - Value: 0
2025-03-29 21:03:20,281 - TEST - AXIS - Right Stick X (PS3-Z) - Value: -79
2025-03-29 21:03:20,333 - TEST - AXIS - Right Stick X (PS3-Z) - Value: -127
2025-03-29 21:03:20,456 - TEST - AXIS - Right Stick X (PS3-Z) - Value: -84
2025-03-29 21:03:20,504 - TEST - AXIS - Right Stick X (PS3-Z) - Value: 0
